// Jest Snapshot v1, https://goo.gl/fbAQLP

exports[`should render Header correctly 1`] = `
<header
  className="header"
>
  <div
    className="content-container"
  >
    <Link
      className="header__title"
      replace={false}
      to="/dashboard"
    >
      <h1>
        Boilerplate
      </h1>
    </Link>
     | 
    <button
      className="header__button"
      onClick={[MockFunction]}
    >
      Log Out
    </button>
  </div>
</header>
`;
